[11:28:50] SKIP  TCGA-BJ-A0YZ (already done)
[11:28:50] SKIP  TCGA-BJ-A0Z3 (already done)
[11:28:50] SKIP  TCGA-BJ-A0ZA (already done)
[11:28:50] SKIP  TCGA-BJ-A0ZC (already done)
[11:28:50] SKIP  TCGA-BJ-A0ZJ (already done)
[11:28:50] SKIP  TCGA-BJ-A18Z (already done)
[11:28:50] SKIP  TCGA-BJ-A28R (already done)
[11:28:50] SKIP  TCGA-BJ-A28T (already done)
[11:28:50] SKIP  TCGA-BJ-A291 (already done)
[11:28:50] SKIP  TCGA-BJ-A2N8 (already done)
[11:28:50] SKIP  TCGA-BJ-A2NA (already done)
[11:28:50] SKIP  TCGA-BJ-A3EZ (already done)
[11:28:50] SKIP  TCGA-BJ-A3PR (already done)
[11:28:50] SKIP  TCGA-BJ-A3PU (already done)
[11:28:50] SKIP  TCGA-BJ-A45E (already done)
[11:28:50] SKIP  TCGA-BJ-A45H (already done)
[11:28:50] SKIP  TCGA-CE-A13K (already done)
[11:28:50] SKIP  TCGA-CE-A3MD (already done)
[11:28:50] SKIP  TCGA-CE-A481 (already done)
[11:28:52] SKIP  TCGA-BJ-A0ZE (already done)
[11:28:52] SKIP  TCGA-BJ-A18Y (already done)
[11:28:52] SKIP  TCGA-BJ-A2N7 (already done)
[11:40:53] SKIP  TCGA-BJ-A45F (already done)
[11:40:53] SKIP  TCGA-BJ-A4O8 (already done)
[11:40:53] SKIP  TCGA-CE-A27D (already done)
[11:40:53] SKIP  TCGA-CE-A3ME (already done)
[11:40:53] SKIP  TCGA-CE-A482 (already done)
[11:40:53] SKIP  TCGA-CE-A483 (already done)
[11:40:53] SKIP  TCGA-CE-A485 (already done)
[11:40:53] SKIP  TCGA-DE-A0Y2 (already done)
[11:40:53] SKIP  TCGA-DE-A3KN (already done)
