/media/pesu-rf/CapstoneSSD1/Capstone_Team78/code/scripts/image_stage3_full_run.py:5: SyntaxWarning: invalid escape sequence '\H'
  project's history of interrupted long runs (docs\HANDOVER_2026-07-28.md).
Processing 134 case(s) with 20 workers...
Manifest dir: /media/pesu-rf/CapstoneSSD1/Capstone_Team78/Dataset/TCGA_Tiles/_manifests
[15:08:36] SKIP  TCGA-BJ-A0YZ (already done)
[15:08:36] SKIP  TCGA-BJ-A0Z3 (already done)
[15:08:36] SKIP  TCGA-BJ-A0ZA (already done)
[15:08:36] SKIP  TCGA-BJ-A0ZC (already done)
[15:08:36] SKIP  TCGA-BJ-A0ZE (already done)
[15:08:36] SKIP  TCGA-BJ-A0ZJ (already done)
[15:08:36] SKIP  TCGA-BJ-A28R (already done)
[15:08:36] SKIP  TCGA-BJ-A18Y (already done)
[15:08:36] SKIP  TCGA-BJ-A18Z (already done)
[15:08:36] SKIP  TCGA-BJ-A28T (already done)
[15:08:36] SKIP  TCGA-BJ-A291 (already done)
[15:08:36] SKIP  TCGA-BJ-A2N8 (already done)
[15:08:36] SKIP  TCGA-BJ-A2N7 (already done)
[15:08:36] SKIP  TCGA-BJ-A2NA (already done)
[15:08:36] SKIP  TCGA-BJ-A3PU (already done)
[15:08:36] SKIP  TCGA-BJ-A3EZ (already done)
[15:08:36] SKIP  TCGA-BJ-A3PR (already done)
[15:08:36] SKIP  TCGA-BJ-A45E (already done)
[15:08:36] SKIP  TCGA-BJ-A45F (already done)
[15:08:36] SKIP  TCGA-BJ-A45H (already done)
[15:08:36] SKIP  TCGA-BJ-A4O8 (already done)
[15:08:36] SKIP  TCGA-CE-A13K (already done)
[15:08:36] SKIP  TCGA-CE-A27D (already done)
[15:08:36] SKIP  TCGA-CE-A483 (already done)
[15:08:36] SKIP  TCGA-CE-A485 (already done)
[15:08:36] SKIP  TCGA-DE-A0XZ (already done)
[15:08:36] SKIP  TCGA-DE-A3KN (already done)
[15:08:36] SKIP  TCGA-CE-A481 (already done)
[15:08:36] SKIP  TCGA-CE-A482 (already done)
[15:08:36] SKIP  TCGA-CE-A3MD (already done)
[15:08:36] SKIP  TCGA-DE-A4M9 (already done)
[15:08:36] SKIP  TCGA-CE-A3ME (already done)
[15:08:36] SKIP  TCGA-DE-A69K (already done)
[15:08:36] SKIP  TCGA-DE-A7U5 (already done)
[15:08:36] SKIP  TCGA-DE-A0Y2 (already done)
[15:08:36] SKIP  TCGA-DE-A0Y3 (already done)
